2025-09-24T17:46:35+0300 port sweep tweaks
2025-09-24T15:42:04+0300 port sweep tweaks
2025-09-26T21:56:06+0300 ctf writeup draft
2025-09-29T16:06:36+0300 lab notes
2025-09-29T13:06:14+0300 refactor enum script
2025-09-29T17:53:28+0300 recon notes
2025-10-01T20:47:40+0300 recon notes
2025-10-01T10:06:50+0300 refactor enum script
2025-10-01T21:31:07+0300 bump tooling
2025-10-02T09:21:57+0300 bump tooling
2025-10-02T14:54:39+0300 recon notes
2025-10-02T22:40:41+0300 bump tooling
2025-10-02T20:15:46+0300 cleanup
2025-10-02T19:33:01+0300 fix regex in parser
2025-10-02T17:02:30+0300 cleanup
2025-10-02T19:33:18+0300 port sweep tweaks
2025-10-02T18:07:09+0300 add payload notes
2025-10-02T19:33:10+0300 ctf writeup draft
2025-10-02T17:55:57+0300 lab notes
2025-10-02T18:45:24+0300 recon notes
2025-10-02T15:16:48+0300 bump tooling
2025-10-02T17:33:49+0300 tweak scanner flags
2025-10-03T19:58:09+0300 lab notes
2025-10-03T12:55:30+0300 lab notes
